[wellconcept.co/html/cleanio/index.html]
[backblue.gif]
[fade.gif]
[index.html]
[wellconcept.co/html/cleanio/assets/img/heading-img.png]
[wellconcept.co/html/cleanio/assets/css/bootstrap.min.css]
[wellconcept.co/html/cleanio/assets/css/owl.carousel.min.css]
[wellconcept.co/html/cleanio/assets/css/owl.theme.default.min.css]
[wellconcept.co/html/cleanio/assets/css/slick.css]
[wellconcept.co/html/cleanio/assets/css/slick-theme.css]
[wellconcept.co/html/cleanio/assets/css/nice-select.css]
[wellconcept.co/html/cleanio/assets/css/jquery.fancybox.min.css]
[wellconcept.co/html/cleanio/assets/css/aos.css]
[wellconcept.co/html/cleanio/assets/css/fontawesome.min.css]
[wellconcept.co/html/cleanio/assets/css/style.css]
[wellconcept.co/html/cleanio/assets/css/responsive.css]
[wellconcept.co/html/cleanio/assets/css/color.css]
[wellconcept.co/html/cleanio/index-2.html]
[wellconcept.co/html/cleanio/assets/img/logo-b.png]
[wellconcept.co/html/cleanio/index-3.html]
[wellconcept.co/html/cleanio/about.html]
[wellconcept.co/html/cleanio/services.html]
[wellconcept.co/html/cleanio/services-details.html]
[wellconcept.co/html/cleanio/team-details.html]
[wellconcept.co/html/cleanio/pricing-plan.html]
[wellconcept.co/html/cleanio/faq.html]
[wellconcept.co/html/cleanio/404-error.html]
[wellconcept.co/html/cleanio/our-blog.html]
[wellconcept.co/html/cleanio/blog-details.html]
[wellconcept.co/html/cleanio/contact.html]
[wellconcept.co/html/cleanio/assets/img/logo.png]
[wellconcept.co/html/cleanio/assets/img/hero-img-1.jpg]
[wellconcept.co/html/cleanio/assets/img/hero-img-2.jpg]
[wellconcept.co/html/cleanio/assets/img/professional.jpg]
[wellconcept.co/html/cleanio/assets/img/phon-icon.png]
[wellconcept.co/html/cleanio/assets/img/man.jpg]
[wellconcept.co/html/cleanio/assets/img/service-1.jpg]
[wellconcept.co/html/cleanio/assets/img/service-icon-1.png]
[wellconcept.co/html/cleanio/assets/img/service-2.jpg]
[wellconcept.co/html/cleanio/assets/img/service-icon-2.png]
[wellconcept.co/html/cleanio/assets/img/service-3.jpg]
[wellconcept.co/html/cleanio/assets/img/service-icon-3.png]
[wellconcept.co/html/cleanio/assets/img/service-4.jpg]
[wellconcept.co/html/cleanio/assets/img/service-icon-5.png]
[wellconcept.co/html/cleanio/assets/img/balloon.jpg]
[wellconcept.co/html/cleanio/assets/img/balloon-girl.png]
[wellconcept.co/html/cleanio/assets/img/babal.png]
[wellconcept.co/html/cleanio/assets/img/works-section.jpg]
[wellconcept.co/html/cleanio/assets/img/works-icon-1.png]
[wellconcept.co/html/cleanio/assets/img/works-icon-2.png]
[wellconcept.co/html/cleanio/assets/img/works-icon-3.png]
[wellconcept.co/html/cleanio/assets/img/works-icon-4.png]
[wellconcept.co/html/cleanio/assets/img/line.png]
[wellconcept.co/html/cleanio/assets/img/chake.png]
[wellconcept.co/html/cleanio/assets/img/new-laundry.jpg]
[wellconcept.co/html/cleanio/assets/img/price-package.png]
[wellconcept.co/html/cleanio/assets/img/check.png]
[wellconcept.co/html/cleanio/assets/img/balloon-1.jpg]
[wellconcept.co/html/cleanio/assets/img/google-play.png]
[wellconcept.co/html/cleanio/assets/img/apple.png]
[wellconcept.co/html/cleanio/assets/img/bus.png]
[wellconcept.co/html/cleanio/assets/img/blog-1.jpg]
[wellconcept.co/html/cleanio/assets/img/camment.png]
[wellconcept.co/html/cleanio/assets/img/blog-2.jpg]
[wellconcept.co/html/cleanio/assets/img/blog-3.jpg]
[wellconcept.co/html/cleanio/assets/img/client-img-1.jpg]
[wellconcept.co/html/cleanio/assets/img/client-img-2.jpg]
[wellconcept.co/html/cleanio/assets/img/client-img-3.jpg]
[wellconcept.co/html/cleanio/assets/img/client-img-4.jpg]
[wellconcept.co/html/cleanio/assets/img/client-img-5.jpg]
[wellconcept.co/html/cleanio/assets/img/client-1.png]
[wellconcept.co/html/cleanio/assets/img/client-2.png]
[wellconcept.co/html/cleanio/assets/img/client-3.png]
[wellconcept.co/html/cleanio/assets/img/client-4.png]
[wellconcept.co/html/cleanio/assets/img/client-5.png]
[wellconcept.co/html/cleanio/assets/img/client-6.png]
[wellconcept.co/html/cleanio/assets/img/footer.jpg]
[wellconcept.co/html/cleanio/assets/img/gallery-1.jpg]
[wellconcept.co/html/cleanio/assets/img/gallery-2.jpg]
[wellconcept.co/html/cleanio/assets/img/gallery-3.jpg]
[wellconcept.co/html/cleanio/assets/img/gallery-4.jpg]
[wellconcept.co/html/cleanio/assets/img/gallery-5.jpg]
[wellconcept.co/html/cleanio/assets/img/gallery-6.jpg]
[wellconcept.co/html/cleanio/assets/img/desktop-menu-img.jpg]
[wellconcept.co/html/cleanio/assets/img/box.jpg]
[wellconcept.co/cdn-cgi/scripts/5c5dd728/cloudflare-static/email-decode.min.js]
[wellconcept.co/html/cleanio/assets/js/jquery-3.6.0.min.js]
[wellconcept.co/html/cleanio/assets/js/bootstrap.min.js]
[wellconcept.co/html/cleanio/assets/js/owl.carousel.min.js]
[wellconcept.co/html/cleanio/assets/js/slick.min.js]
[wellconcept.co/html/cleanio/assets/js/aos.js]
[wellconcept.co/html/cleanio/assets/js/jquery.nice-select.min.js]
[wellconcept.co/html/cleanio/assets/js/jquery.fancybox.min.js]
[wellconcept.co/html/cleanio/assets/js/aos-data.js]
[wellconcept.co/html/cleanio/index.html]
[wellconcept.co/html/cleanio/assets/css/bootstrap.min.css]
[wellconcept.co/html/cleanio/assets/js/custom.js]
[wellconcept.co/html/cleanio/assets/css/owl.video.play.png]
[wellconcept.co/html/cleanio/assets/css/owl.carousel.min.css]
[wellconcept.co/html/cleanio/assets/css/owl.theme.default.min.css]
[wellconcept.co/html/cleanio/assets/css/slick.css]
[wellconcept.co/html/cleanio/assets/css/ajax-loader.gif]
[wellconcept.co/html/cleanio/assets/css/fonts/slick.eot]
[wellconcept.co/html/cleanio/assets/css/fonts/slickd41d.eot]
[wellconcept.co/html/cleanio/assets/css/fonts/slick.woff]
[wellconcept.co/html/cleanio/assets/css/fonts/slick.ttf]
[wellconcept.co/html/cleanio/assets/css/fonts/slick.svg]
[wellconcept.co/html/cleanio/assets/css/slick-theme.css]
[wellconcept.co/html/cleanio/assets/css/nice-select.css]
[wellconcept.co/html/cleanio/assets/css/jquery.fancybox.min.css]
[wellconcept.co/html/cleanio/assets/css/aos.css]
[wellconcept.co/html/cleanio/assets/fonts/fa-brands-400.woff2]
[wellconcept.co/html/cleanio/assets/fonts/fa-brands-400.ttf]
[wellconcept.co/html/cleanio/assets/fonts/fa-regular-400.woff2]
[wellconcept.co/html/cleanio/assets/fonts/fa-regular-400.ttf]
[wellconcept.co/html/cleanio/assets/fonts/fa-solid-900.woff2]
[wellconcept.co/html/cleanio/assets/fonts/fa-solid-900.ttf]
[wellconcept.co/html/cleanio/assets/fonts/fa-v4compatibility.woff2]
[wellconcept.co/html/cleanio/assets/fonts/fa-v4compatibility.ttf]
[wellconcept.co/html/cleanio/assets/css/fontawesome.min.css]
[wellconcept.co/html/cleanio/assets/img/down-arrow.svg]
[wellconcept.co/html/cleanio/assets/css/style.css]
[wellconcept.co/html/cleanio/assets/css/responsive.css]
[wellconcept.co/html/cleanio/assets/css/color.css]
[wellconcept.co/html/cleanio/index-2.html]
[wellconcept.co/html/cleanio/assets/img/remove.svg]
[wellconcept.co/html/cleanio/assets/img/slide-two-1.jpg]
[wellconcept.co/html/cleanio/assets/img/slide-two-2.jpg]
[wellconcept.co/html/cleanio/assets/img/slide-two-3.jpg]
[wellconcept.co/html/cleanio/assets/img/hero-1-samll.jpg]
[wellconcept.co/html/cleanio/assets/img/hero-2-samll.jpg]
[wellconcept.co/html/cleanio/assets/img/provide-icon-1.png]
[wellconcept.co/html/cleanio/assets/img/provide-icon-2.png]
[wellconcept.co/html/cleanio/assets/img/provide-icon-3.png]
[wellconcept.co/html/cleanio/assets/img/provide-4.jpg]
[wellconcept.co/html/cleanio/assets/img/provide-1.jpg]
[wellconcept.co/html/cleanio/assets/img/provide-2.jpg]
[wellconcept.co/html/cleanio/assets/img/provide-3.jpg]
[wellconcept.co/html/cleanio/assets/img/years-1.png]
[wellconcept.co/html/cleanio/assets/img/years-2.png]
[wellconcept.co/html/cleanio/assets/img/works-img-1.png]
[wellconcept.co/html/cleanio/assets/img/works-img-2.png]
[wellconcept.co/html/cleanio/assets/img/works-img-3.png]
[wellconcept.co/html/cleanio/assets/img/phon-icon-w.png]
[wellconcept.co/html/cleanio/assets/img/bus-1.png]
[wellconcept.co/html/cleanio/assets/img/service.png]
[wellconcept.co/html/cleanio/assets/img/service-two-1.jpg]
[wellconcept.co/html/cleanio/assets/img/service-two-2.jpg]
[wellconcept.co/html/cleanio/assets/img/service-two-3.jpg]
[wellconcept.co/html/cleanio/assets/img/service-icon-4.png]
[wellconcept.co/html/cleanio/assets/img/service-two-4.jpg]
[wellconcept.co/html/cleanio/assets/img/team-1.jpg]
[wellconcept.co/html/cleanio/assets/img/team-2.jpg]
[wellconcept.co/html/cleanio/assets/img/team-3.jpg]
[wellconcept.co/html/cleanio/assets/img/comme.png]
[wellconcept.co/html/cleanio/assets/img/tema.png]
[wellconcept.co/html/cleanio/assets/img/join-book-now.jpg]
[wellconcept.co/html/cleanio/assets/img/t-shirt.png]
[wellconcept.co/html/cleanio/assets/img/service-back-1.png]
[wellconcept.co/html/cleanio/assets/img/blog-4.jpg]
[wellconcept.co/html/cleanio/assets/img/blog-5.jpg]
[wellconcept.co/html/cleanio/assets/img/blog-6.jpg]
[wellconcept.co/html/cleanio/assets/img/blog-7.jpg]
[wellconcept.co/html/cleanio/assets/img/blog-8.jpg]
[wellconcept.co/html/cleanio/assets/img/footer-1.jpg]
[wellconcept.co/html/cleanio/index-3.html]
[wellconcept.co/html/cleanio/assets/js/carousel-in.js]
[wellconcept.co/html/cleanio/assets/img/banner.jpg]
[wellconcept.co/html/cleanio/about.html]
[wellconcept.co/html/cleanio/assets/img/service-5.jpg]
[wellconcept.co/html/cleanio/assets/img/service-icon-6.png]
[wellconcept.co/html/cleanio/assets/img/service-6.jpg]
[wellconcept.co/html/cleanio/assets/img/service-icon-7.png]
[wellconcept.co/html/cleanio/assets/img/gallery-style-1.jpg]
[wellconcept.co/html/cleanio/assets/img/gallery-style-2.jpg]
[wellconcept.co/html/cleanio/assets/img/gallery-style-3.jpg]
[wellconcept.co/html/cleanio/assets/img/gallery-style-6.jpg]
[wellconcept.co/html/cleanio/assets/img/gallery-style-4.jpg]
[wellconcept.co/html/cleanio/assets/img/gallery-style-5.jpg]
[wellconcept.co/html/cleanio/assets/img/gallery-style-7.jpg]
[wellconcept.co/html/cleanio/services.html]
[wellconcept.co/html/cleanio/assets/img/services-details-1.jpg]
[wellconcept.co/html/cleanio/assets/img/services-details-2.jpg]
[wellconcept.co/html/cleanio/assets/img/services-details-3.jpg]
[wellconcept.co/html/cleanio/services-details.html]
[wellconcept.co/html/cleanio/assets/img/team-4.jpg]
[wellconcept.co/html/cleanio/team-details.html]
[wellconcept.co/html/cleanio/pricing-plan.html]
[wellconcept.co/html/cleanio/faq.html]
[wellconcept.co/html/cleanio/assets/img/404.jpg]
[wellconcept.co/html/cleanio/404-error.html]
[wellconcept.co/html/cleanio/assets/img/our-blog-1.jpg]
[wellconcept.co/html/cleanio/assets/img/our-blog-2.jpg]
[wellconcept.co/html/cleanio/assets/img/our-blog-3.jpg]
[wellconcept.co/html/cleanio/assets/img/our-blog-4.jpg]
[wellconcept.co/html/cleanio/assets/img/our-blog-5.jpg]
[wellconcept.co/html/cleanio/assets/img/recent-posts-1.jpg]
[wellconcept.co/html/cleanio/assets/img/recent-posts-2.jpg]
[wellconcept.co/html/cleanio/assets/img/recent-posts-3.jpg]
[wellconcept.co/html/cleanio/our-blog.html]
[wellconcept.co/html/cleanio/assets/img/blog-9.jpg]
[wellconcept.co/html/cleanio/assets/img/girl.jpg]
[wellconcept.co/html/cleanio/assets/img/comment-1.jpg]
[wellconcept.co/html/cleanio/assets/img/comment-2.jpg]
[wellconcept.co/html/cleanio/assets/img/comment-3.jpg]
[wellconcept.co/html/cleanio/blog-details.html]
[wellconcept.co/html/cleanio/contact.html]
[wellconcept.co/html/cleanio/assets/js/jquery-3.6.0.min.js]
[wellconcept.co/html/cleanio/assets/js/bootstrap.min.js]
[wellconcept.co/html/cleanio/assets/js/owl.carousel.min.js]
[wellconcept.co/html/cleanio/assets/js/slick.min.js]
[wellconcept.co/html/cleanio/assets/js/aos.js]
[wellconcept.co/html/cleanio/assets/js/jquery.nice-select.min.js]
[wellconcept.co/html/cleanio/assets/js/jquery.fancybox.min.js]
[wellconcept.co/html/cleanio/assets/js/aos-data.js]
[wellconcept.co/html/cleanio/assets/js/custom.js]
[wellconcept.co/html/cleanio/assets/css/owl.video.play.html]
[wellconcept.co/html/cleanio/assets/css/ajax-loader.html]
[wellconcept.co/html/cleanio/assets/css/fonts/slick.html]
[wellconcept.co/html/cleanio/assets/css/fonts/slickd41d.html]
[wellconcept.co/html/cleanio/assets/css/fonts/slick-2.html]
[wellconcept.co/html/cleanio/assets/css/fonts/slick-3.html]
[wellconcept.co/html/cleanio/assets/css/fonts/slick-4.html]
[wellconcept.co/html/cleanio/assets/img/down-arrow.svg]
[wellconcept.co/html/cleanio/assets/img/remove.svg]
[wellconcept.co/html/cleanio/assets/js/carousel-in.js]
[wellconcept.co/html/cleanio/dist/index.html]
[wellconcept.co/html/cleanio/dist/index.html]
